> Task :app:checkKotlinGradlePluginConfigurationErrors SKIPPED
> Task :app:preBuild UP-TO-DATE
> Task :app:preDebugBuild UP-TO-DATE
> Task :app:checkDebugAarMetadata UP-TO-DATE
> Task :app:generateDebugResValues UP-TO-DATE
> Task :app:processDebugGoogleServices UP-TO-DATE
> Task :app:mapDebugSourceSetPaths UP-TO-DATE
> Task :app:generateDebugResources UP-TO-DATE
> Task :app:mergeDebugResources UP-TO-DATE
> Task :app:packageDebugResources UP-TO-DATE
> Task :app:parseDebugLocalResources UP-TO-DATE
> Task :app:createDebugCompatibleScreenManifests UP-TO-DATE
> Task :app:extractDeepLinksDebug UP-TO-DATE
> Task :app:processDebugMainManifest UP-TO-DATE
> Task :app:processDebugManifest UP-TO-DATE
> Task :app:processDebugManifestForPackage UP-TO-DATE
> Task :app:processDebugResources UP-TO-DATE

> Task :app:compileDebugKotlin FAILED
.\gradlew.bat : e: file:///C:/Walk
Over/app/src/main/java/com/sidhart
/walkover/ui/OnBoardScreen.kt:329:
18 Unresolved reference 
'androidx'.
At line:1 char:1
+ .\gradlew.bat 
:app:compileDebugKotlin > 
compile_output.txt 2>&1
+ ~~~~~~~~~~~~~~~~~~~~~~~~~~~~~~~~
~~~~~~~~~~~~~~~~~~~~~~~~~~~~~~~
    + CategoryInfo          : Not 
   Specified: (e: file:///C:/W..  
  .nce 'androidx'.:String) [],    
 RemoteException
    + FullyQualifiedErrorId : Nat 
   iveCommandError
 
e: file:///C:/WalkOver/app/src/mai
n/java/com/sidhart/walkover/ui/OnB
oardScreen.kt:342:18 Unresolved 
reference 'androidx'.

FAILURE: Build failed with an 
exception.

* What went wrong:
Execution failed for task 
':app:compileDebugKotlin'.
> A failure occurred while 
executing org.jetbrains.kotlin.com
pilerRunner.GradleCompilerRunnerWi
thWorkers$GradleKotlinCompilerWork
Action
   > Compilation error. See log 
for more details

* Try:
> Run with --stacktrace option to 
get the stack trace.
> Run with --info or --debug 
option to get more log output.
> Run with --scan to get full 
insights.
> Get more help at 
https://help.gradle.org.

BUILD FAILED in 9s
15 actionable tasks: 1 executed, 14 up-to-date
